[DATA_POINT]
1="HTTP_302"
2="RETRY_KEEP_ALIVE"
3="tcp_connect"
4="tcp_connection_count"
5="mic_recv"
6="tcp_shutdown"
7="HTTP_200"
[END_TRANSACTION]
1="vuser_init_Transaction"
2="http://127.0.0.1:8090/WebTours"
3="http://127.0.0.1:8090/WebTours/"
4="http://127.0.0.1:8090/WebTours/header.html"
5="http://127.0.0.1:8090/WebTours/images/jmeter_logo.png"
6="http://127.0.0.1:8090/WebTours/images/in_home.gif"
7="http://127.0.0.1:8090/WebTours/images/webtours.png"
8="http://127.0.0.1:8090/WebTours/welcome.pl?signOff=true"
9="http://127.0.0.1:8090/WebTours/home.html"
10="http://127.0.0.1:8090/WebTours/nav.pl?in=home"
11="http://127.0.0.1:8090/WebTours/images/mer_login.gif"
12="http://127.0.0.1:8090/WebTours/images/fonJM.png"
13="WebTours_Common_openStartPage_41"
14="Open start page"
15="http://127.0.0.1:8090/WebTours/login.pl"
16="http://127.0.0.1:8090/WebTours/login.pl?username=&password=&getInfo=true"
17="http://127.0.0.1:8090/WebTours/images/button_next.gif"
18="http://127.0.0.1:8090/WebTours/profileValidate.js"
19="login.pl_Action_47"
20="http://127.0.0.1:8090/WebTours/login.pl?intro=true"
21="http://127.0.0.1:8090/WebTours/nav.pl?page=menu&in=home"
22="http://127.0.0.1:8090/WebTours/images/signoff.gif"
23="http://127.0.0.1:8090/WebTours/images/flights.gif"
24="http://127.0.0.1:8090/WebTours/images/itinerary.gif"
25="login.pl_Common_login_11"
26="Login"
27="http://127.0.0.1:8090/WebTours/welcome.pl?page=search"
28="http://127.0.0.1:8090/WebTours/welcome.pl?page=itinerary"
29="http://127.0.0.1:8090/WebTours/itinerary.pl"
30="http://127.0.0.1:8090/WebTours/nav.pl?page=menu&in=itinerary"
31="http://127.0.0.1:8090/WebTours/images/cancelreservation.gif"
32="http://127.0.0.1:8090/WebTours/images/home.gif"
33="http://127.0.0.1:8090/WebTours/images/in_itinerary.gif"
34="http://127.0.0.1:8090/WebTours/images/cancelallreservations.gif"
35="welco_Common_getItineraryList_19"
36="Get itinerary list"
37="http://127.0.0.1:8090/WebTours/reservations.pl?page=welcome"
38="http://127.0.0.1:8090/WebTours/nav.pl?page=menu&in=flights"
39="http://127.0.0.1:8090/WebTours/images/in_flights.gif"
40="_Common_openSearchFlightsPage_53"
41="Open search flights page"
42="http://127.0.0.1:8090/WebTours/welcome.pl?signOff=1"
43="SignOff_Button_Common_logout_7"
44="Logout"
45="01_Login"
46="Action_Transaction"
47="itinerary.pl_Action_54"
48="Delete booking"
49="Fill out fields"
50="http://127.0.0.1:8090/WebTours/reservations.pl"
51="reservati_Common_chooseFlight_41"
52="Choose flight"
53="04_GetItineraryList"
54="05_DeleteBooking"
55="reservations.pl_2_Action_20"
56="login.pl_2_Action_64"
57="http://127.0.0.1:8090/WebTours/welcome.pl?page=menus"
58="button_next.gif_Action_90"
59="Register"
60="06_Register"
61="http://127.0.0.1:8090/WebTours/images/bookanother.gif"
62="reservations.pl_3_Action_44"
63="Buy ticket"
64="03_BuyTicket"
65="02_SearchFlight"
66="vuser_end_Transaction"
